// Vitest Snapshot v1, https://vitest.dev/guide/snapshot.html

exports[`Dialog component > renders Dialog component 1`] = `
{
  "asFragment": [Function],
  "baseElement": <body>
    <div>
      <div
        class="dialog"
        data-testid="dialog"
      >
        <div
          class="dialog__content"
        >
          <h2>
            Test Dialog
          </h2>
          <p>
            This is a test dialog.
          </p>
          <footer
            class="dialog__footer"
          >
            <button
              class="button"
              data-testid="cancel-dialog"
            >
              Cancel
            </button>
            <button
              class="button"
              data-testid="confirm-dialog"
            >
              Confirm
            </button>
          </footer>
        </div>
      </div>
    </div>
  </body>,
  "container": <div>
    <div
      class="dialog"
      data-testid="dialog"
    >
      <div
        class="dialog__content"
      >
        <h2>
          Test Dialog
        </h2>
        <p>
          This is a test dialog.
        </p>
        <footer
          class="dialog__footer"
        >
          <button
            class="button"
            data-testid="cancel-dialog"
          >
            Cancel
          </button>
          <button
            class="button"
            data-testid="confirm-dialog"
          >
            Confirm
          </button>
        </footer>
      </div>
    </div>
  </div>,
  "debug": [Function],
  "findAllByAltText": [Function],
  "findAllByDisplayValue": [Function],
  "findAllByLabelText": [Function],
  "findAllByPlaceholderText": [Function],
  "findAllByRole": [Function],
  "findAllByTestId": [Function],
  "findAllByText": [Function],
  "findAllByTitle": [Function],
  "findByAltText": [Function],
  "findByDisplayValue": [Function],
  "findByLabelText": [Function],
  "findByPlaceholderText": [Function],
  "findByRole": [Function],
  "findByTestId": [Function],
  "findByText": [Function],
  "findByTitle": [Function],
  "getAllByAltText": [Function],
  "getAllByDisplayValue": [Function],
  "getAllByLabelText": [Function],
  "getAllByPlaceholderText": [Function],
  "getAllByRole": [Function],
  "getAllByTestId": [Function],
  "getAllByText": [Function],
  "getAllByTitle": [Function],
  "getByAltText": [Function],
  "getByDisplayValue": [Function],
  "getByLabelText": [Function],
  "getByPlaceholderText": [Function],
  "getByRole": [Function],
  "getByTestId": [Function],
  "getByText": [Function],
  "getByTitle": [Function],
  "queryAllByAltText": [Function],
  "queryAllByDisplayValue": [Function],
  "queryAllByLabelText": [Function],
  "queryAllByPlaceholderText": [Function],
  "queryAllByRole": [Function],
  "queryAllByTestId": [Function],
  "queryAllByText": [Function],
  "queryAllByTitle": [Function],
  "queryByAltText": [Function],
  "queryByDisplayValue": [Function],
  "queryByLabelText": [Function],
  "queryByPlaceholderText": [Function],
  "queryByRole": [Function],
  "queryByTestId": [Function],
  "queryByText": [Function],
  "queryByTitle": [Function],
  "rerender": [Function],
  "unmount": [Function],
}
`;
